Archive member included to satisfy reference by file (symbol)

C:/ST/STM32CubeIDE_2.0.0/STM32CubeIDE/plugins/com.st.stm32cube.ide.mcu.externaltools.gnu-tools-for-stm32.13.3.rel1.win32_1.0.100.202509120712/tools/bin/../lib/gcc/arm-none-eabi/13.3.1/../../../../arm-none-eabi/lib/thumb/v7-m/nofp\libc_nano.a(libc_a-exit.o)
                              C:/ST/STM32CubeIDE_2.0.0/STM32CubeIDE/plugins/com.st.stm32cube.ide.mcu.externaltools.gnu-tools-for-stm32.13.3.rel1.win32_1.0.100.202509120712/tools/bin/../lib/gcc/arm-none-eabi/13.3.1/../../../../arm-none-eabi/lib/thumb/v7-m/nofp/crt0.o (exit)
C:/ST/STM32CubeIDE_2.0.0/STM32CubeIDE/plugins/com.st.stm32cube.ide.mcu.externaltools.gnu-tools-for-stm32.13.3.rel1.win32_1.0.100.202509120712/tools/bin/../lib/gcc/arm-none-eabi/13.3.1/../../../../arm-none-eabi/lib/thumb/v7-m/nofp\libc_nano.a(libc_a-findfp.o)
                              C:/ST/STM32CubeIDE_2.0.0/STM32CubeIDE/plugins/com.st.stm32cube.ide.mcu.externaltools.gnu-tools-for-stm32.13.3.rel1.win32_1.0.100.202509120712/tools/bin/../lib/gcc/arm-none-eabi/13.3.1/../../../../arm-none-eabi/lib/thumb/v7-m/nofp\libc_nano.a(libc_a-exit.o) (__stdio_exit_handler)
C:/ST/STM32CubeIDE_2.0.0/STM32CubeIDE/plugins/com.st.stm32cube.ide.mcu.externaltools.gnu-tools-for-stm32.13.3.rel1.win32_1.0.100.202509120712/tools/bin/../lib/gcc/arm-none-eabi/13.3.1/../../../../arm-none-eabi/lib/thumb/v7-m/nofp\libc_nano.a(libc_a-fwalk.o)
                              C:/ST/STM32CubeIDE_2.0.0/STM32CubeIDE/plugins/com.st.stm32cube.ide.mcu.externaltools.gnu-tools-for-stm32.13.3.rel1.win32_1.0.100.202509120712/tools/bin/../lib/gcc/arm-none-eabi/13.3.1/../../../../arm-none-eabi/lib/thumb/v7-m/nofp\libc_nano.a(libc_a-findfp.o) (_fwalk_sglue)
C:/ST/STM32CubeIDE_2.0.0/STM32CubeIDE/plugins/com.st.stm32cube.ide.mcu.externaltools.gnu-tools-for-stm32.13.3.rel1.win32_1.0.100.202509120712/tools/bin/../lib/gcc/arm-none-eabi/13.3.1/../../../../arm-none-eabi/lib/thumb/v7-m/nofp\libc_nano.a(libc_a-stdio.o)
                              C:/ST/STM32CubeIDE_2.0.0/STM32CubeIDE/plugins/com.st.stm32cube.ide.mcu.externaltools.gnu-tools-for-stm32.13.3.rel1.win32_1.0.100.202509120712/tools/bin/../lib/gcc/arm-none-eabi/13.3.1/../../../../arm-none-eabi/lib/thumb/v7-m/nofp\libc_nano.a(libc_a-findfp.o) (__sread)
C:/ST/STM32CubeIDE_2.0.0/STM32CubeIDE/plugins/com.st.stm32cube.ide.mcu.externaltools.gnu-tools-for-stm32.13.3.rel1.win32_1.0.100.202509120712/tools/bin/../lib/gcc/arm-none-eabi/13.3.1/../../../../arm-none-eabi/lib/thumb/v7-m/nofp\libc_nano.a(libc_a-memset.o)
                              C:/ST/STM32CubeIDE_2.0.0/STM32CubeIDE/plugins/com.st.stm32cube.ide.mcu.externaltools.gnu-tools-for-stm32.13.3.rel1.win32_1.0.100.202509120712/tools/bin/../lib/gcc/arm-none-eabi/13.3.1/../../../../arm-none-eabi/lib/thumb/v7-m/nofp/crt0.o (memset)
C:/ST/STM32CubeIDE_2.0.0/STM32CubeIDE/plugins/com.st.stm32cube.ide.mcu.externaltools.gnu-tools-for-stm32.13.3.rel1.win32_1.0.100.202509120712/tools/bin/../lib/gcc/arm-none-eabi/13.3.1/../../../../arm-none-eabi/lib/thumb/v7-m/nofp\libc_nano.a(libc_a-closer.o)
                              C:/ST/STM32CubeIDE_2.0.0/STM32CubeIDE/plugins/com.st.stm32cube.ide.mcu.externaltools.gnu-tools-for-stm32.13.3.rel1.win32_1.0.100.202509120712/tools/bin/../lib/gcc/arm-none-eabi/13.3.1/../../../../arm-none-eabi/lib/thumb/v7-m/nofp\libc_nano.a(libc_a-stdio.o) (_close_r)
C:/ST/STM32CubeIDE_2.0.0/STM32CubeIDE/plugins/com.st.stm32cube.ide.mcu.externaltools.gnu-tools-for-stm32.13.3.rel1.win32_1.0.100.202509120712/tools/bin/../lib/gcc/arm-none-eabi/13.3.1/../../../../arm-none-eabi/lib/thumb/v7-m/nofp\libc_nano.a(libc_a-reent.o)
                              C:/ST/STM32CubeIDE_2.0.0/STM32CubeIDE/plugins/com.st.stm32cube.ide.mcu.externaltools.gnu-tools-for-stm32.13.3.rel1.win32_1.0.100.202509120712/tools/bin/../lib/gcc/arm-none-eabi/13.3.1/../../../../arm-none-eabi/lib/thumb/v7-m/nofp\libc_nano.a(libc_a-closer.o) (errno)
C:/ST/STM32CubeIDE_2.0.0/STM32CubeIDE/plugins/com.st.stm32cube.ide.mcu.externaltools.gnu-tools-for-stm32.13.3.rel1.win32_1.0.100.202509120712/tools/bin/../lib/gcc/arm-none-eabi/13.3.1/../../../../arm-none-eabi/lib/thumb/v7-m/nofp\libc_nano.a(libc_a-impure.o)
                              C:/ST/STM32CubeIDE_2.0.0/STM32CubeIDE/plugins/com.st.stm32cube.ide.mcu.externaltools.gnu-tools-for-stm32.13.3.rel1.win32_1.0.100.202509120712/tools/bin/../lib/gcc/arm-none-eabi/13.3.1/../../../../arm-none-eabi/lib/thumb/v7-m/nofp\libc_nano.a(libc_a-reent.o) (_impure_ptr)
C:/ST/STM32CubeIDE_2.0.0/STM32CubeIDE/plugins/com.st.stm32cube.ide.mcu.externaltools.gnu-tools-for-stm32.13.3.rel1.win32_1.0.100.202509120712/tools/bin/../lib/gcc/arm-none-eabi/13.3.1/../../../../arm-none-eabi/lib/thumb/v7-m/nofp\libc_nano.a(libc_a-lseekr.o)
[...]
Memory Configuration

Name             Origin             Length             Attributes
RAM              0x20000000         0x00005000         xrw
FLASH            0x08000000         0x00010000         xr
*default*        0x00000000         0xffffffff

Linker script and memory map

LOAD C:/ST/STM32CubeIDE_2.0.0/STM32CubeIDE/plugins/com.st.stm32cube.ide.mcu.externaltools.gnu-tools-for-stm32.13.3.rel1.win32_1.0.100.202509120712/tools/bin/../lib/gcc/arm-none-eabi/13.3.1/thumb/v7-m/nofp/crti.o
LOAD C:/ST/STM32CubeIDE_2.0.0/STM32CubeIDE/plugins/com.st.stm32cube.ide.mcu.externaltools.gnu-tools-for-stm32.13.3.rel1.win32_1.0.100.202509120712/tools/bin/../lib/gcc/arm-none-eabi/13.3.1/thumb/v7-m/nofp/crtbegin.o
LOAD C:/ST/STM32CubeIDE_2.0.0/STM32CubeIDE/plugins/com.st.stm32cube.ide.mcu.externaltools.gnu-tools-for-stm32.13.3.rel1.win32_1.0.100.202509120712/tools/bin/../lib/gcc/arm-none-eabi/13.3.1/../../../../arm-none-eabi/lib/thumb/v7-m/nofp/crt0.o
LOAD ./Core/Src/CLCD_I2C.o
LOAD ./Core/Src/RC522.o
LOAD ./Core/Src/Stepper.o
LOAD ./Core/Src/main.o
LOAD ./Core/Src/stm32f1xx_hal_msp.o
LOAD ./Core/Src/stm32f1xx_it.o
LOAD ./Core/Src/syscalls.o
LOAD ./Core/Src/sysmem.o
LOAD ./Core/Src/system_stm32f1xx.o
LOAD ./Core/Startup/startup_stm32f103c8tx.o
LOAD ./Drivers/STM32F1xx_HAL_Driver/Src/stm32f1xx_hal.o
LOAD ./Drivers/STM32F1xx_HAL_Driver/Src/stm32f1xx_hal_cortex.o
LOAD ./Drivers/STM32F1xx_HAL_Driver/Src/stm32f1xx_hal_dma.o
LOAD ./Drivers/STM32F1xx_HAL_Driver/Src/stm32f1xx_hal_exti.o
LOAD ./Drivers/STM32F1xx_HAL_Driver/Src/stm32f1xx_hal_flash.o
LOAD ./Drivers/STM32F1xx_HAL_Driver/Src/stm32f1xx_hal_flash_ex.o
LOAD ./Drivers/STM32F1xx_HAL_Driver/Src/stm32f1xx_hal_gpio.o
LOAD ./Drivers/STM32F1xx_HAL_Driver/Src/stm32f1xx_hal_gpio_ex.o
LOAD ./Drivers/STM32F1xx_HAL_Driver/Src/stm32f1xx_hal_i2c.o
LOAD ./Drivers/STM32F1xx_HAL_Driver/Src/stm32f1xx_hal_pwr.o
LOAD ./Drivers/STM32F1xx_HAL_Driver/Src/stm32f1xx_hal_rcc.o
LOAD ./Drivers/STM32F1xx_HAL_Driver/Src/stm32f1xx_hal_rcc_ex.o
LOAD ./Drivers/STM32F1xx_HAL_Driver/Src/stm32f1xx_hal_spi.o
LOAD ./Drivers/STM32F1xx_HAL_Driver/Src/stm32f1xx_hal_uart.o
START GROUP
LOAD C:/ST/STM32CubeIDE_2.0.0/STM32CubeIDE/plugins/com.st.stm32cube.ide.mcu.externaltools.gnu-tools-for-stm32.13.3.rel1.win32_1.0.100.202509120712/tools/bin/../lib/gcc/arm-none-eabi/13.3.1/../../../../arm-none-eabi/lib/thumb/v7-m/nofp\libc_nano.a
LOAD C:/ST/STM32CubeIDE_2.0.0/STM32CubeIDE/plugins/com.st.stm32cube.ide.mcu.externaltools.gnu-tools-for-stm32.13.3.rel1.win32_1.0.100.202509120712/tools/bin/../lib/gcc/arm-none-eabi/13.3.1/../../../../arm-none-eabi/lib/thumb/v7-m/nofp\libm.a
END GROUP
START GROUP
LOAD C:/ST/STM32CubeIDE_2.0.0/STM32CubeIDE/plugins/com.st.stm32cube.ide.mcu.externaltools.gnu-tools-for-stm32.13.3.rel1.win32_1.0.100.202509120712/tools/bin/../lib/gcc/arm-none-eabi/13.3.1/thumb/v7-m/nofp\libgcc.a
LOAD C:/ST/STM32CubeIDE_2.0.0/STM32CubeIDE/plugins/com.st.stm32cube.ide.mcu.externaltools.gnu-tools-for-stm32.13.3.rel1.win32_1.0.100.202509120712/tools/bin/../lib/gcc/arm-none-eabi/13.3.1/../../../../arm-none-eabi/lib/thumb/v7-m/nofp\libc_nano.a
END GROUP
START GROUP
LOAD C:/ST/STM32CubeIDE_2.0.0/STM32CubeIDE/plugins/com.st.stm32cube.ide.mcu.externaltools.gnu-tools-for-stm32.13.3.rel1.win32_1.0.100.202509120712/tools/bin/../lib/gcc/arm-none-eabi/13.3.1/thumb/v7-m/nofp\libgcc.a
LOAD C:/ST/STM32CubeIDE_2.0.0/STM32CubeIDE/plugins/com.st.stm32cube.ide.mcu.externaltools.gnu-tools-for-stm32.13.3.rel1.win32_1.0.100.202509120712/tools/bin/../lib/gcc/arm-none-eabi/13.3.1/../../../../arm-none-eabi/lib/thumb/v7-m/nofp\libc_nano.a
LOAD C:/ST/STM32CubeIDE_2.0.0/STM32CubeIDE/plugins/com.st.stm32cube.ide.mcu.externaltools.gnu-tools-for-stm32.13.3.rel1.win32_1.0.100.202509120712/tools/bin/../lib/gcc/arm-none-eabi/13.3.1/../../../../arm-none-eabi/lib/thumb/v7-m/nofp\libnosys.a
END GROUP
START GROUP
LOAD C:/ST/STM32CubeIDE_2.0.0/STM32CubeIDE/plugins/com.st.stm32cube.ide.mcu.externaltools.gnu-tools-for-stm32.13.3.rel1.win32_1.0.100.202509120712/tools/bin/../lib/gcc/arm-none-eabi/13.3.1/thumb/v7-m/nofp\libgcc.a
LOAD C:/ST/STM32CubeIDE_2.0.0/STM32CubeIDE/plugins/com.st.stm32cube.ide.mcu.externaltools.gnu-tools-for-stm32.13.3.rel1.win32_1.0.100.202509120712/tools/bin/../lib/gcc/arm-none-eabi/13.3.1/../../../../arm-none-eabi/lib/thumb/v7-m/nofp\libc_nano.a
LOAD C:/ST/STM32CubeIDE_2.0.0/STM32CubeIDE/plugins/com.st.stm32cube.ide.mcu.externaltools.gnu-tools-for-stm32.13.3.rel1.win32_1.0.100.202509120712/tools/bin/../lib/gcc/arm-none-eabi/13.3.1/../../../../arm-none-eabi/lib/thumb/v7-m/nofp\libnosys.a
END GROUP
LOAD C:/ST/STM32CubeIDE_2.0.0/STM32CubeIDE/plugins/com.st.stm32cube.ide.mcu.externaltools.gnu-tools-for-stm32.13.3.rel1.win32_1.0.100.202509120712/tools/bin/../lib/gcc/arm-none-eabi/13.3.1/thumb/v7-m/nofp/crtend.o
LOAD C:/ST/STM32CubeIDE_2.0.0/STM32CubeIDE/plugins/com.st.stm32cube.ide.mcu.externaltools.gnu-tools-for-stm32.13.3.rel1.win32_1.0.100.202509120712/tools/bin/../lib/gcc/arm-none-eabi/13.3.1/thumb/v7-m/nofp/crtn.o
                0x20005000                        _estack = (ORIGIN (RAM) + LENGTH (RAM))
                0x00000200                        _Min_Heap_Size = 0x200
                0x00000400                        _Min_Stack_Size = 0x400

.isr_vector     0x08000000      0x10c
                0x08000000                        . = ALIGN (0x4)
 *(.isr_vector)
 .isr_vector    0x08000000      0x10c ./Core/Startup/startup_stm32f103c8tx.o
                0x08000000                g_pfnVectors
                0x0800010c                        . = ALIGN (0x4)

.text           0x0800010c     0x4578
                0x0800010c                        . = ALIGN (0x4)
 *(.text)
 .text          0x0800010c       0x40 C:/ST/STM32CubeIDE_2.0.0/STM32CubeIDE/plugins/com.st.stm32cube.ide.mcu.externaltools.gnu-tools-for-stm32.13.3.rel1.win32_1.0.100.202509120712/tools/bin/../lib/gcc/arm-none-eabi/13.3.1/thumb/v7-m/nofp/crtbegin.o
 .text          0x0800014c      0x21c C:/ST/STM32CubeIDE_2.0.0/STM32CubeIDE/plugins/com.st.stm32cube.ide.mcu.externaltools.gnu-tools-for-stm32.13.3.rel1.win32_1.0.100.202509120712/tools/bin/../lib/gcc/arm-none-eabi/13.3.1/thumb/v7-m/nofp\libgcc.a(_arm_addsubsf3.o)
                0x0800014c                __aeabi_frsub
                0x08000154                __subsf3
                0x08000154                __aeabi_fsub
                0x08000158                __aeabi_fadd
                0x08000158                __addsf3
                0x080002b8                __aeabi_ui2f
                0x080002b8                __floatunsisf
                0x080002c0                __aeabi_i2f
                0x080002c0                __floatsisf
                0x080002dc                __aeabi_ul2f
                0x080002dc                __floatundisf
                0x080002ec                __aeabi_l2f
                0x080002ec                __floatdisf
 .text          0x08000368      0x2a0 C:/ST/STM32CubeIDE_2.0.0/STM32CubeIDE/plugins/com.st.stm32cube.ide.mcu.externaltools.gnu-tools-for-stm32.13.3.rel1.win32_1.0.100.202509120712/tools/bin/../lib/gcc/arm-none-eabi/13.3.1/thumb/v7-m/nofp\libgcc.a(_arm_muldivsf3.o)
                0x08000368                __mulsf3
                0x08000368                __aeabi_fmul
                0x080004d0                __aeabi_fdiv
                0x080004d0                __divsf3
 .text          0x08000608       0x4c C:/ST/STM32CubeIDE_2.0.0/STM32CubeIDE/plugins/com.st.stm32cube.ide.mcu.externaltools.gnu-tools-for-stm32.13.3.rel1.win32_1.0.100.202509120712/tools/bin/../lib/gcc/arm-none-eabi/13.3.1/thumb/v7-m/nofp\libgcc.a(_arm_fixsfsi.o)
                0x08000608                __aeabi_f2iz
                0x08000608                __fixsfsi
 *(.text*)
 .text.CLCD_Delay
                0x08000654       0x1a ./Core/Src/CLCD_I2C.o
 .text.CLCD_WriteI2C
                0x0800066e       0xae ./Core/Src/CLCD_I2C.o
 .text.CLCD_I2C_Init
                0x0800071c       0xe0 ./Core/Src/CLCD_I2C.o
                0x0800071c                CLCD_I2C_Init
 .text.CLCD_I2C_SetCursor
                0x080007fc       0x86 ./Core/Src/CLCD_I2C.o
                0x080007fc                CLCD_I2C_SetCursor
 .text.CLCD_I2C_WriteChar
                0x08000882       0x20 ./Core/Src/CLCD_I2C.o
                0x08000882                CLCD_I2C_WriteChar
 .text.CLCD_I2C_WriteString
                0x080008a2       0x2e ./Core/Src/CLCD_I2C.o
                0x080008a2                CLCD_I2C_WriteString
 .text.MFRC522_CS
                0x080008d0       0x24 ./Core/Src/RC522.o
 .text.TM_SPI_Send
                0x080008f4       0x54 ./Core/Src/RC522.o
 .text.MFRC522_WriteRegister
                0x08000948       0x54 ./Core/Src/RC522.o
 .text.MFRC522_ReadRegister
                0x0800099c       0x52 ./Core/Src/RC522.o
 .text.MFRC522_SetBitMask
                0x080009ee       0x36 ./Core/Src/RC522.o
 .text.MFRC522_ClearBitMask
                0x08000a24       0x3e ./Core/Src/RC522.o
 .text.MFRC522_AntennaOn
                0x08000a62       0x30 ./Core/Src/RC522.o
 .text.MFRC522_Reset
                0x08000a92       0x1a ./Core/Src/RC522.o
 .text.MFRC522_Init
                0x08000aac       0x7a ./Core/Src/RC522.o
                0x08000aac                MFRC522_Init
 .text.MFRC522_Check
                0x08000b26       0x3a ./Core/Src/RC522.o
                0x08000b26                MFRC522_Check
 .text.MFRC522_Request
                0x08000b60       0x52 ./Core/Src/RC522.o
                0x08000b60                MFRC522_Request
 .text.MFRC522_ToCard
                0x08000bb2      0x1ba ./Core/Src/RC522.o
                0x08000bb2                MFRC522_ToCard
 .text.MFRC522_Anticoll
                0x08000d6c       0x82 ./Core/Src/RC522.o
                0x08000d6c                MFRC522_Anticoll
 .text.MFRC522_CalculateCRC
                0x08000dee       0xa2 ./Core/Src/RC522.o
                0x08000dee                MFRC522_CalculateCRC
 .text.MFRC522_Halt
                0x08000e90       0x44 ./Core/Src/RC522.o
                0x08000e90                MFRC522_Halt
 .text.Stepper_Write
                0x08000ed4       0x62 ./Core/Src/Stepper.o
 .text.Stepper_Init
                0x08000f36       0x5c ./Core/Src/Stepper.o
                0x08000f36                Stepper_Init
 *fill*         0x08000f92        0x2 
 .text.Stepper_Step
                0x08000f94       0xa4 ./Core/Src/Stepper.o
                0x08000f94                Stepper_Step
 .text.Stepper_RotateSteps
                0x08001038       0x4a ./Core/Src/Stepper.o
                0x08001038                Stepper_RotateSteps
 *fill*         0x08001082        0x2 
 .text.Stepper_RotateAngle
                0x08001084       0x48 ./Core/Src/Stepper.o
                0x08001084                Stepper_RotateAngle
 .text.Stepper_Stop
                0x080010cc       0x20 ./Core/Src/Stepper.o
                0x080010cc                Stepper_Stop
 .text.RS485_SendRequest
                0x080010ec       0x54 ./Core/Src/main.o
                0x080010ec                RS485_SendRequest
 .text.HAL_UART_RxCpltCallback
                0x08001140       0x7c ./Core/Src/main.o
                0x08001140                HAL_UART_RxCpltCallback
 .text.Display_LCD
                0x080011bc       0x54 ./Core/Src/main.o
                0x080011bc                Display_LCD
 .text.Display_7seg
                0x08001210       0xd8 ./Core/Src/main.o
                0x08001210                Display_7seg
 .text.Check_in
                0x080012e8       0xdc ./Core/Src/main.o
                0x080012e8                Check_in
 .text.main     0x080013c4      0x114 ./Core/Src/main.o
                0x080013c4                main
 .text.SystemClock_Config
                0x080014d8       0x80 ./Core/Src/main.o
                0x080014d8                SystemClock_Config
 .text.MX_I2C1_Init
                0x08001558       0x5c ./Core/Src/main.o
 .text.MX_SPI1_Init
                0x080015b4       0x6c ./Core/Src/main.o
 .text.MX_USART1_UART_Init
                0x08001620       0x54 ./Core/Src/main.o
 .text.MX_GPIO_Init
                0x08001674       0xc4 ./Core/Src/main.o
 .text.Error_Handler
                0x08001738        0xc ./Core/Src/main.o
                0x08001738                Error_Handler
 .text.HAL_MspInit
                0x08001744       0x64 ./Core/Src/stm32f1xx_hal_msp.o
                0x08001744                HAL_MspInit
 .text.HAL_I2C_MspInit
                0x080017a8       0x7c ./Core/Src/stm32f1xx_hal_msp.o
                0x080017a8                HAL_I2C_MspInit
 .text.HAL_SPI_MspInit
                0x08001824       0x94 ./Core/Src/stm32f1xx_hal_msp.o
                0x08001824                HAL_SPI_MspInit
 .text.HAL_UART_MspInit
                0x080018b8       0xa8 ./Core/Src/stm32f1xx_hal_msp.o
                0x080018b8                HAL_UART_MspInit
 .text.NMI_Handler
                0x08001960        0x8 ./Core/Src/stm32f1xx_it.o
                0x08001960                NMI_Handler
 .text.HardFault_Handler
                0x08001968        0x8 ./Core/Src/stm32f1xx_it.o
                0x08001968                HardFault_Handler
 .text.MemManage_Handler
                0x08001970        0x8 ./Core/Src/stm32f1xx_it.o
                0x08001970                MemManage_Handler
 .text.BusFault_Handler
                0x08001978        0x8 ./Core/Src/stm32f1xx_it.o
                0x08001978                BusFault_Handler
 .text.UsageFault_Handler
                0x08001980        0x8 ./Core/Src/stm32f1xx_it.o
                0x08001980                UsageFault_Handler
 .text.SVC_Handler
                0x08001988        0xc ./Core/Src/stm32f1xx_it.o
                0x08001988                SVC_Handler
 .text.DebugMon_Handler
                0x08001994        0xc ./Core/Src/stm32f1xx_it.o
                0x08001994                DebugMon_Handler
 .text.PendSV_Handler
                0x080019a0        0xc ./Core/Src/stm32f1xx_it.o
                0x080019a0                PendSV_Handler
 .text.SysTick_Handler
                0x080019ac        0xc ./Core/Src/stm32f1xx_it.o
                0x080019ac                SysTick_Handler
 .text.USART1_IRQHandler
                0x080019b8       0x14 ./Core/Src/stm32f1xx_it.o
                0x080019b8                USART1_IRQHandler
 .text.SystemInit
                0x080019cc        0xc ./Core/Src/system_stm32f1xx.o
                0x080019cc                SystemInit
 .text.Reset_Handler
                0x080019d8       0x48 ./Core/Startup/startup_stm32f103c8tx.o
                0x080019d8                Reset_Handler
 .text.Default_Handler
                0x08001a20        0x2 ./Core/Startup/startup_stm32f103c8tx.o
                0x08001a20                RTC_Alarm_IRQHandler
                0x08001a20                EXTI2_IRQHandler
                0x08001a20                TIM1_CC_IRQHandler
                0x08001a20                PVD_IRQHandler
                0x08001a20                EXTI3_IRQHandler
                0x08001a20                EXTI0_IRQHandler
                0x08001a20                I2C2_EV_IRQHandler
                0x08001a20                ADC1_2_IRQHandler
                0x08001a20                SPI1_IRQHandler
                0x08001a20                TAMPER_IRQHandler
                0x08001a20                DMA1_Channel4_IRQHandler
                0x08001a20                USART3_IRQHandler
                0x08001a20                RTC_IRQHandler
                0x08001a20                DMA1_Channel7_IRQHandler
                0x08001a20                CAN1_RX1_IRQHandler
                0x08001a20                TIM4_IRQHandler
                0x08001a20                I2C1_EV_IRQHandler
                0x08001a20                DMA1_Channel6_IRQHandler
                0x08001a20                TIM3_IRQHandler
                0x08001a20                RCC_IRQHandler
                0x08001a20                TIM1_TRG_COM_IRQHandler
                0x08001a20                DMA1_Channel1_IRQHandler
                0x08001a20                Default_Handler
                0x08001a20                EXTI15_10_IRQHandler
                0x08001a20                EXTI9_5_IRQHandler
                0x08001a20                SPI2_IRQHandler
                0x08001a20                DMA1_Channel5_IRQHandler
                0x08001a20                EXTI4_IRQHandler
                0x08001a20                USB_LP_CAN1_RX0_IRQHandler
                0x08001a20                USB_HP_CAN1_TX_IRQHandler
                0x08001a20                DMA1_Channel3_IRQHandler
                0x08001a20                TIM1_UP_IRQHandler
                0x08001a20                WWDG_IRQHandler
                0x08001a20                TIM2_IRQHandler
                0x08001a20                TIM1_BRK_IRQHandler
                0x08001a20                EXTI1_IRQHandler
                0x08001a20                USART2_IRQHandler
                0x08001a20                I2C2_ER_IRQHandler
                0x08001a20                DMA1_Channel2_IRQHandler
                0x08001a20                CAN1_SCE_IRQHandler
                0x08001a20                FLASH_IRQHandler
                0x08001a20                I2C1_ER_IRQHandler
                0x08001a20                USBWakeUp_IRQHandler
 *fill*         0x08001a22        0x2 
 .text.HAL_Init
                0x08001a24       0x2c ./Drivers/STM32F1xx_HAL_Driver/Src/stm32f1xx_hal.o
                0x08001a24                HAL_Init
 .text.HAL_InitTick
                0x08001a50       0x60 ./Drivers/STM32F1xx_HAL_Driver/Src/stm32f1xx_hal.o
                0x08001a50                HAL_InitTick
 .text.HAL_IncTick
                0x08001ab0       0x24 ./Drivers/STM32F1xx_HAL_Driver/Src/stm32f1xx_hal.o
                0x08001ab0                HAL_IncTick
 .text.HAL_GetTick
                0x08001ad4       0x14 ./Drivers/STM32F1xx_HAL_Driver/Src/stm32f1xx_hal.o
                0x08001ad4                HAL_GetTick
 .text.HAL_Delay
                0x08001ae8       0x48 ./Drivers/STM32F1xx_HAL_Driver/Src/stm32f1xx_hal.o
                0x08001ae8                HAL_Delay
 .text.__NVIC_SetPriorityGrouping
                0x08001b30       0x48 ./Drivers/STM32F1xx_HAL_Driver/Src/stm32f1xx_hal_cortex.o
 .text.__NVIC_GetPriorityGrouping
                0x08001b78       0x1c ./Drivers/STM32F1xx_HAL_Driver/Src/stm32f1xx_hal_cortex.o
 .text.__NVIC_EnableIRQ
                0x08001b94       0x38 ./Drivers/STM32F1xx_HAL_Driver/Src/stm32f1xx_hal_cortex.o
 .text.__NVIC_SetPriority
                0x08001bcc       0x54 ./Drivers/STM32F1xx_HAL_Driver/Src/stm32f1xx_hal_cortex.o
 .text.NVIC_EncodePriority
                0x08001c20       0x64 ./Drivers/STM32F1xx_HAL_Driver/Src/stm32f1xx_hal_cortex.o
 .text.SysTick_Config
                0x08001c84       0x44 ./Drivers/STM32F1xx_HAL_Driver/Src/stm32f1xx_hal_cortex.o
 .text.HAL_NVIC_SetPriorityGrouping
                0x08001cc8       0x16 ./Drivers/STM32F1xx_HAL_Driver/Src/stm32f1xx_hal_cortex.o
                0x08001cc8                HAL_NVIC_SetPriorityGrouping
 .text.HAL_NVIC_SetPriority
                0x08001cde       0x38 ./Drivers/STM32F1xx_HAL_Driver/Src/stm32f1xx_hal_cortex.o
                0x08001cde                HAL_NVIC_SetPriority
 .text.HAL_NVIC_EnableIRQ
                0x08001d16       0x1c ./Drivers/STM32F1xx_HAL_Driver/Src/stm32f1xx_hal_cortex.o
                0x08001d16                HAL_NVIC_EnableIRQ
 .text.HAL_SYSTICK_Config
                0x08001d32       0x18 ./Drivers/STM32F1xx_HAL_Driver/Src/stm32f1xx_hal_cortex.o
                0x08001d32                HAL_SYSTICK_Config
 .text.HAL_DMA_Abort
                0x08001d4a       0x76 ./Drivers/STM32F1xx_HAL_Driver/Src/stm32f1xx_hal_dma.o
                0x08001d4a                HAL_DMA_Abort
 .text.HAL_DMA_Abort_IT
                0x08001dc0       0xf0 ./Drivers/STM32F1xx_HAL_Driver/Src/stm32f1xx_hal_dma.o
                0x08001dc0                HAL_DMA_Abort_IT
 .text.HAL_GPIO_Init
                0x08001eb0      0x308 ./Drivers/STM32F1xx_HAL_Driver/Src/stm32f1xx_hal_gpio.o
                0x08001eb0                HAL_GPIO_Init
 .text.HAL_GPIO_ReadPin
                0x080021b8       0x2e ./Drivers/STM32F1xx_HAL_Driver/Src/stm32f1xx_hal_gpio.o
                0x080021b8                HAL_GPIO_ReadPin
 .text.HAL_GPIO_WritePin
                0x080021e6       0x30 ./Drivers/STM32F1xx_HAL_Driver/Src/stm32f1xx_hal_gpio.o
                0x080021e6                HAL_GPIO_WritePin
 *fill*         0x08002216        0x2 
 .text.HAL_I2C_Init
                0x08002218      0x288 ./Drivers/STM32F1xx_HAL_Driver/Src/stm32f1xx_hal_i2c.o
                0x08002218                HAL_I2C_Init
 .text.HAL_I2C_Master_Transmit
                0x080024a0      0x1fc ./Drivers/STM32F1xx_HAL_Driver/Src/stm32f1xx_hal_i2c.o
                0x080024a0                HAL_I2C_Master_Transmit
 .text.I2C_MasterRequestWrite
                0x0800269c      0x104 ./Drivers/STM32F1xx_HAL_Driver/Src/stm32f1xx_hal_i2c.o
 .text.I2C_WaitOnFlagUntilTimeout
                0x080027a0       0xf4 ./Drivers/STM32F1xx_HAL_Driver/Src/stm32f1xx_hal_i2c.o
 .text.I2C_WaitOnMasterAddressFlagUntilTimeout
                0x08002894      0x140 ./Drivers/STM32F1xx_HAL_Driver/Src/stm32f1xx_hal_i2c.o
 .text.I2C_WaitOnTXEFlagUntilTimeout
                0x080029d4       0x90 ./Drivers/STM32F1xx_HAL_Driver/Src/stm32f1xx_hal_i2c.o
 .text.I2C_WaitOnBTFFlagUntilTimeout
                0x08002a64       0x90 ./Drivers/STM32F1xx_HAL_Driver/Src/stm32f1xx_hal_i2c.o
 .text.I2C_IsAcknowledgeFailed
                0x08002af4       0x5c ./Drivers/STM32F1xx_HAL_Driver/Src/stm32f1xx_hal_i2c.o
 .text.HAL_RCC_OscConfig
                0x08002b50      0x504 ./Drivers/STM32F1xx_HAL_Driver/Src/stm32f1xx_hal_rcc.o
                0x08002b50                HAL_RCC_OscConfig
 .text.HAL_RCC_ClockConfig
                0x08003054      0x1d4 ./Drivers/STM32F1xx_HAL_Driver/Src/stm32f1xx_hal_rcc.o
                0x08003054                HAL_RCC_ClockConfig
 .text.HAL_RCC_GetSysClockFreq
                0x08003228       0xa8 ./Drivers/STM32F1xx_HAL_Driver/Src/stm32f1xx_hal_rcc.o
                0x08003228                HAL_RCC_GetSysClockFreq
 .text.HAL_RCC_GetHCLKFreq
                0x080032d0       0x14 ./Drivers/STM32F1xx_HAL_Driver/Src/stm32f1xx_hal_rcc.o
                0x080032d0                HAL_RCC_GetHCLKFreq
 .text.HAL_RCC_GetPCLK1Freq
                0x080032e4       0x28 ./Drivers/STM32F1xx_HAL_Driver/Src/stm32f1xx_hal_rcc.o
                0x080032e4                HAL_RCC_GetPCLK1Freq
 .text.HAL_RCC_GetPCLK2Freq
                0x0800330c       0x28 ./Drivers/STM32F1xx_HAL_Driver/Src/stm32f1xx_hal_rcc.o
                0x0800330c                HAL_RCC_GetPCLK2Freq
 .text.RCC_Delay
                0x08003334       0x3c ./Drivers/STM32F1xx_HAL_Driver/Src/stm32f1xx_hal_rcc.o
 .text.HAL_SPI_Init
                0x08003370      0x108 ./Drivers/STM32F1xx_HAL_Driver/Src/stm32f1xx_hal_spi.o
                0x08003370                HAL_SPI_Init
 .text.HAL_SPI_TransmitReceive
                0x08003478      0x352 ./Drivers/STM32F1xx_HAL_Driver/Src/stm32f1xx_hal_spi.o
                0x08003478                HAL_SPI_TransmitReceive
 *fill*         0x080037ca        0x2 
 .text.SPI_WaitFlagStateUntilTimeout
                0x080037cc      0x110 ./Drivers/STM32F1xx_HAL_Driver/Src/stm32f1xx_hal_spi.o
 .text.SPI_EndRxTxTransaction
                0x080038dc       0x62 ./Drivers/STM32F1xx_HAL_Driver/Src/stm32f1xx_hal_spi.o
 .text.HAL_UART_Init
                0x0800393e       0xa0 ./Drivers/STM32F1xx_HAL_Driver/Src/stm32f1xx_hal_uart.o
                0x0800393e                HAL_UART_Init
 .text.HAL_UART_Transmit
                0x080039de      0x116 ./Drivers/STM32F1xx_HAL_Driver/Src/stm32f1xx_hal_uart.o
                0x080039de                HAL_UART_Transmit
 .text.HAL_UART_Receive_IT
                0x08003af4       0x4a ./Drivers/STM32F1xx_HAL_Driver/Src/stm32f1xx_hal_uart.o
                0x08003af4                HAL_UART_Receive_IT
 *fill*         0x08003b3e        0x2 
 .text.HAL_UART_IRQHandler
                0x08003b40      0x524 ./Drivers/STM32F1xx_HAL_Driver/Src/stm32f1xx_hal_uart.o
                0x08003b40                HAL_UART_IRQHandler
 .text.HAL_UART_TxCpltCallback
                0x08004064       0x12 ./Drivers/STM32F1xx_HAL_Driver/Src/stm32f1xx_hal_uart.o
                0x08004064                HAL_UART_TxCpltCallback
 .text.HAL_UART_ErrorCallback
                0x08004076       0x12 ./Drivers/STM32F1xx_HAL_Driver/Src/stm32f1xx_hal_uart.o
                0x08004076                HAL_UART_ErrorCallback
 .text.HAL_UARTEx_RxEventCallback
                0x08004088       0x16 ./Drivers/STM32F1xx_HAL_Driver/Src/stm32f1xx_hal_uart.o
                0x08004088                HAL_UARTEx_RxEventCallback
 .text.UART_WaitOnFlagUntilTimeout
                0x0800409e       0xb2 ./Drivers/STM32F1xx_HAL_Driver/Src/stm32f1xx_hal_uart.o
 .text.UART_Start_Receive_IT
                0x08004150       0x72 ./Drivers/STM32F1xx_HAL_Driver/Src/stm32f1xx_hal_uart.o
                0x08004150                UART_Start_Receive_IT
 .text.UART_EndRxTransfer
                0x080041c2       0xc4 ./Drivers/STM32F1xx_HAL_Driver/Src/stm32f1xx_hal_uart.o
 .text.UART_DMAAbortOnError
                0x08004286       0x28 ./Drivers/STM32F1xx_HAL_Driver/Src/stm32f1xx_hal_uart.o
 .text.UART_Transmit_IT
                0x080042ae       0x9e ./Drivers/STM32F1xx_HAL_Driver/Src/stm32f1xx_hal_uart.o
 .text.UART_EndTransmit_IT
                0x0800434c       0x30 ./Drivers/STM32F1xx_HAL_Driver/Src/stm32f1xx_hal_uart.o
 .text.UART_Receive_IT
                0x0800437c      0x17c ./Drivers/STM32F1xx_HAL_Driver/Src/stm32f1xx_hal_uart.o
 .text.UART_SetConfig
                0x080044f8      0x11c ./Drivers/STM32F1xx_HAL_Driver/Src/stm32f1xx_hal_uart.o
 .text.memset   0x08004614       0x10 C:/ST/STM32CubeIDE_2.0.0/STM32CubeIDE/plugins/com.st.stm32cube.ide.mcu.externaltools.gnu-tools-for-stm32.13.3.rel1.win32_1.0.100.202509120712/tools/bin/../lib/gcc/arm-none-eabi/13.3.1/../../../../arm-none-eabi/lib/thumb/v7-m/nofp\libc_nano.a(libc_a-memset.o)
                0x08004614                memset
 .text.__libc_init_array
                0x08004624       0x48 C:/ST/STM32CubeIDE_2.0.0/STM32CubeIDE/plugins/com.st.stm32cube.ide.mcu.externaltools.gnu-tools-for-stm32.13.3.rel1.win32_1.0.100.202509120712/tools/bin/../lib/gcc/arm-none-eabi/13.3.1/../../../../arm-none-eabi/lib/thumb/v7-m/nofp\libc_nano.a(libc_a-init.o)
                0x08004624                __libc_init_array
 *(.glue_7)
 .glue_7        0x0800466c        0x0 linker stubs
 *(.glue_7t)
 .glue_7t       0x0800466c        0x0 linker stubs
 *(.eh_frame)
 .eh_frame      0x0800466c        0x0 C:/ST/STM32CubeIDE_2.0.0/STM32CubeIDE/plugins/com.st.stm32cube.ide.mcu.externaltools.gnu-tools-for-stm32.13.3.rel1.win32_1.0.100.202509120712/tools/bin/../lib/gcc/arm-none-eabi/13.3.1/thumb/v7-m/nofp/crtbegin.o
 *(.init)
 .init          0x0800466c        0x4 C:/ST/STM32CubeIDE_2.0.0/STM32CubeIDE/plugins/com.st.stm32cube.ide.mcu.externaltools.gnu-tools-for-stm32.13.3.rel1.win32_1.0.100.202509120712/tools/bin/../lib/gcc/arm-none-eabi/13.3.1/thumb/v7-m/nofp/crti.o
                0x0800466c                _init
 .init          0x08004670        0x8 C:/ST/STM32CubeIDE_2.0.0/STM32CubeIDE/plugins/com.st.stm32cube.ide.mcu.externaltools.gnu-tools-for-stm32.13.3.rel1.win32_1.0.100.202509120712/tools/bin/../lib/gcc/arm-none-eabi/13.3.1/thumb/v7-m/nofp/crtn.o
 *(.fini)
 .fini          0x08004678        0x4 C:/ST/STM32CubeIDE_2.0.0/STM32CubeIDE/plugins/com.st.stm32cube.ide.mcu.externaltools.gnu-tools-for-stm32.13.3.rel1.win32_1.0.100.202509120712/tools/bin/../lib/gcc/arm-none-eabi/13.3.1/thumb/v7-m/nofp/crti.o
                0x08004678                _fini
 .fini          0x0800467c        0x8 C:/ST/STM32CubeIDE_2.0.0/STM32CubeIDE/plugins/com.st.stm32cube.ide.mcu.externaltools.gnu-tools-for-stm32.13.3.rel1.win32_1.0.100.202509120712/tools/bin/../lib/gcc/arm-none-eabi/13.3.1/thumb/v7-m/nofp/crtn.o
                0x08004684                        . = ALIGN (0x4)
                0x08004684                        _etext = .

.vfp11_veneer   0x08004684        0x0
 .vfp11_veneer  0x08004684        0x0 linker stubs

.v4_bx          0x08004684        0x0
 .v4_bx         0x08004684        0x0 linker stubs

.iplt           0x08004684        0x0
 .iplt          0x08004684        0x0 C:/ST/STM32CubeIDE_2.0.0/STM32CubeIDE/plugins/com.st.stm32cube.ide.mcu.externaltools.gnu-tools-for-stm32.13.3.rel1.win32_1.0.100.202509120712/tools/bin/../lib/gcc/arm-none-eabi/13.3.1/thumb/v7-m/nofp/crtbegin.o

.rodata         0x08004684       0xa8
                0x08004684                        . = ALIGN (0x4)
 *(.rodata)
 .rodata        0x08004684       0x59 ./Core/Src/main.o
 *(.rodata*)
 *fill*         0x080046dd        0x3 
 .rodata.step_table
                0x080046e0       0x20 ./Core/Src/Stepper.o
 .rodata.AHBPrescTable
                0x08004700       0x10 ./Core/Src/system_stm32f1xx.o
                0x08004700                AHBPrescTable
 .rodata.APBPrescTable
                0x08004710        0x8 ./Core/Src/system_stm32f1xx.o
                0x08004710                APBPrescTable
 .rodata.aPLLMULFactorTable.1
                0x08004718       0x10 ./Drivers/STM32F1xx_HAL_Driver/Src/stm32f1xx_hal_rcc.o
 .rodata.aPredivFactorTable.0
                0x08004728        0x2 ./Drivers/STM32F1xx_HAL_Driver/Src/stm32f1xx_hal_rcc.o
                0x0800472c                        . = ALIGN (0x4)
 *fill*         0x0800472a        0x2 

.ARM.extab      0x0800472c        0x0
                0x0800472c                        . = ALIGN (0x4)
 *(.ARM.extab* .gnu.linkonce.armextab.*)
                0x0800472c                        . = ALIGN (0x4)

.ARM            0x0800472c        0x0
                0x0800472c                        . = ALIGN (0x4)
                0x0800472c                        __exidx_start = .
 *(.ARM.exidx*)
                0x0800472c                        __exidx_end = .
                0x0800472c                        . = ALIGN (0x4)

.preinit_array  0x0800472c        0x0
                0x0800472c                        . = ALIGN (0x4)
                0x0800472c                        PROVIDE (__preinit_array_start = .)
 *(.preinit_array*)
                0x0800472c                        PROVIDE (__preinit_array_end = .)
                0x0800472c                        . = ALIGN (0x4)

.init_array     0x0800472c        0x4
                0x0800472c                        . = ALIGN (0x4)
                0x0800472c                        PROVIDE (__init_array_start = .)
 *(SORT_BY_NAME(.init_array.*))
 *(.init_array*)
 .init_array    0x0800472c        0x4 C:/ST/STM32CubeIDE_2.0.0/STM32CubeIDE/plugins/com.st.stm32cube.ide.mcu.externaltools.gnu-tools-for-stm32.13.3.rel1.win32_1.0.100.202509120712/tools/bin/../lib/gcc/arm-none-eabi/13.3.1/thumb/v7-m/nofp/crtbegin.o
                0x08004730                        PROVIDE (__init_array_end = .)
                0x08004730                        . = ALIGN (0x4)

.fini_array     0x08004730        0x4
                0x08004730                        . = ALIGN (0x4)
                [!provide]                        PROVIDE (__fini_array_start = .)
 *(SORT_BY_NAME(.fini_array.*))
 *(.fini_array*)
 .fini_array    0x08004730        0x4 C:/ST/STM32CubeIDE_2.0.0/STM32CubeIDE/plugins/com.st.stm32cube.ide.mcu.externaltools.gnu-tools-for-stm32.13.3.rel1.win32_1.0.100.202509120712/tools/bin/../lib/gcc/arm-none-eabi/13.3.1/thumb/v7-m/nofp/crtbegin.o
                [!provide]                        PROVIDE (__fini_array_end = .)
                0x08004734                        . = ALIGN (0x4)
                0x08004734                        _sidata = LOADADDR (.data)

.rel.dyn        0x08004734        0x0
 .rel.iplt      0x08004734        0x0 C:/ST/STM32CubeIDE_2.0.0/STM32CubeIDE/plugins/com.st.stm32cube.ide.mcu.externaltools.gnu-tools-for-stm32.13.3.rel1.win32_1.0.100.202509120712/tools/bin/../lib/gcc/arm-none-eabi/13.3.1/thumb/v7-m/nofp/crtbegin.o

.data           0x20000000       0x10 load address 0x08004734
                0x20000000                        . = ALIGN (0x4)
                0x20000000                        _sdata = .
 *(.data)
 *(.data*)
 .data.slave_id
                0x20000000        0x3 ./Core/Src/main.o
                0x20000000                slave_id
 *fill*         0x20000003        0x1 
 .data.SystemCoreClock
                0x20000004        0x4 ./Core/Src/system_stm32f1xx.o
                0x20000004                SystemCoreClock
 .data.uwTickPrio
                0x20000008        0x4 ./Drivers/STM32F1xx_HAL_Driver/Src/stm32f1xx_hal.o
                0x20000008                uwTickPrio
 .data.uwTickFreq
                0x2000000c        0x1 ./Drivers/STM32F1xx_HAL_Driver/Src/stm32f1xx_hal.o
                0x2000000c                uwTickFreq
 *(.RamFunc)
 *(.RamFunc*)
                0x20000010                        . = ALIGN (0x4)
 *fill*         0x2000000d        0x3 
                0x20000010                        _edata = .

.igot.plt       0x20000010        0x0 load address 0x08004744
 .igot.plt      0x20000010        0x0 C:/ST/STM32CubeIDE_2.0.0/STM32CubeIDE/plugins/com.st.stm32cube.ide.mcu.externaltools.gnu-tools-for-stm32.13.3.rel1.win32_1.0.100.202509120712/tools/bin/../lib/gcc/arm-none-eabi/13.3.1/thumb/v7-m/nofp/crtbegin.o
                0x20000010                        . = ALIGN (0x4)

.bss            0x20000010      0x160 load address 0x08004744
                0x20000010                        _sbss = .
                0x20000010                        __bss_start__ = _sbss
 *(.bss)
 .bss           0x20000010       0x1c C:/ST/STM32CubeIDE_2.0.0/STM32CubeIDE/plugins/com.st.stm32cube.ide.mcu.externaltools.gnu-tools-for-stm32.13.3.rel1.win32_1.0.100.202509120712/tools/bin/../lib/gcc/arm-none-eabi/13.3.1/thumb/v7-m/nofp/crtbegin.o
 *(.bss*)
 .bss.hi2c1     0x2000002c       0x54 ./Core/Src/main.o
                0x2000002c                hi2c1
 .bss.hspi1     0x20000080       0x58 ./Core/Src/main.o
                0x20000080                hspi1
 .bss.huart1    0x200000d8       0x48 ./Core/Src/main.o
                0x200000d8                huart1
 .bss.LCD1      0x20000120        0xc ./Core/Src/main.o
                0x20000120                LCD1
 .bss.RFID1     0x2000012c       0x10 ./Core/Src/main.o
                0x2000012c                RFID1
 .bss.STEPPER1  0x2000013c       0x24 ./Core/Src/main.o
                0x2000013c                STEPPER1
 .bss.slave_data
                0x20000160        0x3 ./Core/Src/main.o
                0x20000160                slave_data
 .bss.data_changes
                0x20000163        0x1 ./Core/Src/main.o
                0x20000163                data_changes
 .bss.rx_buf    0x20000164        0x2 ./Core/Src/main.o
                0x20000164                rx_buf
 *fill*         0x20000166        0x2 
 .bss.last_send.0
                0x20000168        0x4 ./Core/Src/main.o
 .bss.uwTick    0x2000016c        0x4 ./Drivers/STM32F1xx_HAL_Driver/Src/stm32f1xx_hal.o
                0x2000016c                uwTick
 *(COMMON)
                0x20000170                        . = ALIGN (0x4)
                0x20000170                        _ebss = .
                0x20000170                        __bss_end__ = _ebss

._user_heap_stack
                0x20000170      0x600 load address 0x08004744
                0x20000170                        . = ALIGN (0x8)
                [!provide]                        PROVIDE (end = .)
                0x20000170                        PROVIDE (_end = .)
                0x20000370                        . = (. + _Min_Heap_Size)
 *fill*         0x20000170      0x200 
                0x20000770                        . = (. + _Min_Stack_Size)
 *fill*         0x20000370      0x400 
                0x20000770                        . = ALIGN (0x8)

/DISCARD/
 libc.a(*)
 libm.a(*)
 libgcc.a(*)

.ARM.attributes
                0x00000000       0x29
 *(.ARM.attributes)
 .ARM.attributes
                0x00000000       0x1d C:/ST/STM32CubeIDE_2.0.0/STM32CubeIDE/plugins/com.st.stm32cube.ide.mcu.externaltools.gnu-tools-for-stm32.13.3.rel1.win32_1.0.100.202509120712/tools/bin/../lib/gcc/arm-none-eabi/13.3.1/thumb/v7-m/nofp/crti.o
 .ARM.attributes
                0x0000001d       0x2d C:/ST/STM32CubeIDE_2.0.0/STM32CubeIDE/plugins/com.st.stm32cube.ide.mcu.externaltools.gnu-tools-for-stm32.13.3.rel1.win32_1.0.100.202509120712/tools/bin/../lib/gcc/arm-none-eabi/13.3.1/thumb/v7-m/nofp/crtbegin.o
 .ARM.attributes
                0x0000004a       0x2d ./Core/Src/CLCD_I2C.o
 .ARM.attributes
                0x00000077       0x2d ./Core/Src/RC522.o
 .ARM.attributes
                0x000000a4       0x2d ./Core/Src/Stepper.o
 .ARM.attributes
                0x000000d1       0x2d ./Core/Src/main.o
 .ARM.attributes
                0x000000fe       0x2d ./Core/Src/stm32f1xx_hal_msp.o
 .ARM.attributes
                0x0000012b       0x2d ./Core/Src/stm32f1xx_it.o
 .ARM.attributes
                0x00000158       0x2d ./Core/Src/system_stm32f1xx.o
 .ARM.attributes
                0x00000185       0x21 ./Core/Startup/startup_stm32f103c8tx.o
 .ARM.attributes
                0x000001a6       0x2d ./Drivers/STM32F1xx_HAL_Driver/Src/stm32f1xx_hal.o
 .ARM.attributes
                0x000001d3       0x2d ./Drivers/STM32F1xx_HAL_Driver/Src/stm32f1xx_hal_cortex.o
 .ARM.attributes
                0x00000200       0x2d ./Drivers/STM32F1xx_HAL_Driver/Src/stm32f1xx_hal_dma.o
 .ARM.attributes
                0x0000022d       0x2d ./Drivers/STM32F1xx_HAL_Driver/Src/stm32f1xx_hal_gpio.o
 .ARM.attributes
                0x0000025a       0x2d ./Drivers/STM32F1xx_HAL_Driver/Src/stm32f1xx_hal_i2c.o
 .ARM.attributes
                0x00000287       0x2d ./Drivers/STM32F1xx_HAL_Driver/Src/stm32f1xx_hal_rcc.o
 .ARM.attributes
                0x000002b4       0x2d ./Drivers/STM32F1xx_HAL_Driver/Src/stm32f1xx_hal_spi.o
 .ARM.attributes
                0x000002e1       0x2d ./Drivers/STM32F1xx_HAL_Driver/Src/stm32f1xx_hal_uart.o
 .ARM.attributes
                0x0000030e       0x2d C:/ST/STM32CubeIDE_2.0.0/STM32CubeIDE/plugins/com.st.stm32cube.ide.mcu.externaltools.gnu-tools-for-stm32.13.3.rel1.win32_1.0.100.202509120712/tools/bin/../lib/gcc/arm-none-eabi/13.3.1/../../../../arm-none-eabi/lib/thumb/v7-m/nofp\libc_nano.a(libc_a-memset.o)
 .ARM.attributes
                0x0000033b       0x2d C:/ST/STM32CubeIDE_2.0.0/STM32CubeIDE/plugins/com.st.stm32cube.ide.mcu.externaltools.gnu-tools-for-stm32.13.3.rel1.win32_1.0.100.202509120712/tools/bin/../lib/gcc/arm-none-eabi/13.3.1/../../../../arm-none-eabi/lib/thumb/v7-m/nofp\libc_nano.a(libc_a-init.o)
 .ARM.attributes
                0x00000368       0x1d C:/ST/STM32CubeIDE_2.0.0/STM32CubeIDE/plugins/com.st.stm32cube.ide.mcu.externaltools.gnu-tools-for-stm32.13.3.rel1.win32_1.0.100.202509120712/tools/bin/../lib/gcc/arm-none-eabi/13.3.1/thumb/v7-m/nofp\libgcc.a(_arm_addsubsf3.o)
 .ARM.attributes
                0x00000385       0x1d C:/ST/STM32CubeIDE_2.0.0/STM32CubeIDE/plugins/com.st.stm32cube.ide.mcu.externaltools.gnu-tools-for-stm32.13.3.rel1.win32_1.0.100.202509120712/tools/bin/../lib/gcc/arm-none-eabi/13.3.1/thumb/v7-m/nofp\libgcc.a(_arm_muldivsf3.o)
 .ARM.attributes
                0x000003a2       0x1d C:/ST/STM32CubeIDE_2.0.0/STM32CubeIDE/plugins/com.st.stm32cube.ide.mcu.externaltools.gnu-tools-for-stm32.13.3.rel1.win32_1.0.100.202509120712/tools/bin/../lib/gcc/arm-none-eabi/13.3.1/thumb/v7-m/nofp\libgcc.a(_arm_fixsfsi.o)
 .ARM.attributes
                0x000003bf       0x1d C:/ST/STM32CubeIDE_2.0.0/STM32CubeIDE/plugins/com.st.stm32cube.ide.mcu.externaltools.gnu-tools-for-stm32.13.3.rel1.win32_1.0.100.202509120712/tools/bin/../lib/gcc/arm-none-eabi/13.3.1/thumb/v7-m/nofp/crtn.o
OUTPUT(Master.elf elf32-littlearm)
LOAD linker stubs
LOAD C:/ST/STM32CubeIDE_2.0.0/STM32CubeIDE/plugins/com.st.stm32cube.ide.mcu.externaltools.gnu-tools-for-stm32.13.3.rel1.win32_1.0.100.202509120712/tools/bin/../lib/gcc/arm-none-eabi/13.3.1/../../../../arm-none-eabi/lib/thumb/v7-m/nofp\libc.a
LOAD C:/ST/STM32CubeIDE_2.0.0/STM32CubeIDE/plugins/com.st.stm32cube.ide.mcu.externaltools.gnu-tools-for-stm32.13.3.rel1.win32_1.0.100.202509120712/tools/bin/../lib/gcc/arm-none-eabi/13.3.1/../../../../arm-none-eabi/lib/thumb/v7-m/nofp\libm.a
LOAD C:/ST/STM32CubeIDE_2.0.0/STM32CubeIDE/plugins/com.st.stm32cube.ide.mcu.externaltools.gnu-tools-for-stm32.13.3.rel1.win32_1.0.100.202509120712/tools/bin/../lib/gcc/arm-none-eabi/13.3.1/thumb/v7-m/nofp\libgcc.a

.debug_info     0x00000000     0xd53f
 .debug_info    0x00000000      0x8f1 ./Core/Src/CLCD_I2C.o
 .debug_info    0x000008f1      0xe74 ./Core/Src/RC522.o
 .debug_info    0x00001765      0x42f ./Core/Src/Stepper.o
 .debug_info    0x00001b94     0x13c3 ./Core/Src/main.o
 .debug_info    0x00002f57      0xf90 ./Core/Src/stm32f1xx_hal_msp.o
 .debug_info    0x00003ee7      0x5eb ./Core/Src/stm32f1xx_it.o
 .debug_info    0x000044d2      0x222 ./Core/Src/system_stm32f1xx.o
 .debug_info    0x000046f4       0x30 ./Core/Startup/startup_stm32f103c8tx.o
 .debug_info    0x00004724      0x704 ./Drivers/STM32F1xx_HAL_Driver/Src/stm32f1xx_hal.o
 .debug_info    0x00004e28      0xa87 ./Drivers/STM32F1xx_HAL_Driver/Src/stm32f1xx_hal_cortex.o
 .debug_info    0x000058af      0x6d2 ./Drivers/STM32F1xx_HAL_Driver/Src/stm32f1xx_hal_dma.o
 .debug_info    0x00005f81      0x5ab ./Drivers/STM32F1xx_HAL_Driver/Src/stm32f1xx_hal_gpio.o
 .debug_info    0x0000652c     0x2524 ./Drivers/STM32F1xx_HAL_Driver/Src/stm32f1xx_hal_i2c.o
 .debug_info    0x00008a50      0x7d5 ./Drivers/STM32F1xx_HAL_Driver/Src/stm32f1xx_hal_rcc.o
 .debug_info    0x00009225     0x142d ./Drivers/STM32F1xx_HAL_Driver/Src/stm32f1xx_hal_spi.o
 .debug_info    0x0000a652     0x2eed ./Drivers/STM32F1xx_HAL_Driver/Src/stm32f1xx_hal_uart.o

.debug_abbrev   0x00000000     0x2174
 .debug_abbrev  0x00000000      0x1ce ./Core/Src/CLCD_I2C.o
 .debug_abbrev  0x000001ce      0x2c7 ./Core/Src/RC522.o
 .debug_abbrev  0x00000495      0x19c ./Core/Src/Stepper.o
 .debug_abbrev  0x00000631      0x2dd ./Core/Src/main.o
 .debug_abbrev  0x0000090e      0x1f7 ./Core/Src/stm32f1xx_hal_msp.o
 .debug_abbrev  0x00000b05      0x176 ./Core/Src/stm32f1xx_it.o
 .debug_abbrev  0x00000c7b      0x13f ./Core/Src/system_stm32f1xx.o
 .debug_abbrev  0x00000dba       0x24 ./Core/Startup/startup_stm32f103c8tx.o
 .debug_abbrev  0x00000dde      0x201 ./Drivers/STM32F1xx_HAL_Driver/Src/stm32f1xx_hal.o
 .debug_abbrev  0x00000fdf      0x2f8 ./Drivers/STM32F1xx_HAL_Driver/Src/stm32f1xx_hal_cortex.o
 .debug_abbrev  0x000012d7      0x20b ./Drivers/STM32F1xx_HAL_Driver/Src/stm32f1xx_hal_dma.o
 .debug_abbrev  0x000014e2      0x1ca ./Drivers/STM32F1xx_HAL_Driver/Src/stm32f1xx_hal_gpio.o
 .debug_abbrev  0x000016ac      0x2a3 ./Drivers/STM32F1xx_HAL_Driver/Src/stm32f1xx_hal_i2c.o
 .debug_abbrev  0x0000194f      0x2b3 ./Drivers/STM32F1xx_HAL_Driver/Src/stm32f1xx_hal_rcc.o
 .debug_abbrev  0x00001c02      0x27a ./Drivers/STM32F1xx_HAL_Driver/Src/stm32f1xx_hal_spi.o
 .debug_abbrev  0x00001e7c      0x2f8 ./Drivers/STM32F1xx_HAL_Driver/Src/stm32f1xx_hal_uart.o

.debug_aranges  0x00000000      0xcc8
 .debug_aranges
                0x00000000       0x78 ./Core/Src/CLCD_I2C.o
 .debug_aranges
                0x00000078       0xc0 ./Core/Src/RC522.o
 .debug_aranges
                0x00000138       0x48 ./Core/Src/Stepper.o
 .debug_aranges
                0x00000180       0x78 ./Core/Src/main.o
 .debug_aranges
                0x000001f8       0x50 ./Core/Src/stm32f1xx_hal_msp.o
 .debug_aranges
                0x00000248       0x68 ./Core/Src/stm32f1xx_it.o
 .debug_aranges
                0x000002b0       0x28 ./Core/Src/system_stm32f1xx.o
 .debug_aranges
                0x000002d8       0x28 ./Core/Startup/startup_stm32f103c8tx.o
 .debug_aranges
                0x00000300       0xe0 ./Drivers/STM32F1xx_HAL_Driver/Src/stm32f1xx_hal.o
 .debug_aranges
                0x000003e0      0x100 ./Drivers/STM32F1xx_HAL_Driver/Src/stm32f1xx_hal_cortex.o
 .debug_aranges
                0x000004e0       0x80 ./Drivers/STM32F1xx_HAL_Driver/Src/stm32f1xx_hal_dma.o
 .debug_aranges
                0x00000560       0x58 ./Drivers/STM32F1xx_HAL_Driver/Src/stm32f1xx_hal_gpio.o
 .debug_aranges
                0x000005b8      0x2a8 ./Drivers/STM32F1xx_HAL_Driver/Src/stm32f1xx_hal_i2c.o
 .debug_aranges
                0x00000860       0x90 ./Drivers/STM32F1xx_HAL_Driver/Src/stm32f1xx_hal_rcc.o
 .debug_aranges
                0x000008f0      0x1d0 ./Drivers/STM32F1xx_HAL_Driver/Src/stm32f1xx_hal_spi.o
 .debug_aranges
                0x00000ac0      0x208 ./Drivers/STM32F1xx_HAL_Driver/Src/stm32f1xx_hal_uart.o

.debug_rnglists
                0x00000000      0x9fd
 .debug_rnglists
                0x00000000       0x58 ./Core/Src/CLCD_I2C.o
 .debug_rnglists
                0x00000058       0x91 ./Core/Src/RC522.o
 .debug_rnglists
                0x000000e9       0x32 ./Core/Src/Stepper.o
 .debug_rnglists
                0x0000011b       0x5a ./Core/Src/main.o
 .debug_rnglists
                0x00000175       0x39 ./Core/Src/stm32f1xx_hal_msp.o
 .debug_rnglists
                0x000001ae       0x49 ./Core/Src/stm32f1xx_it.o
 .debug_rnglists
                0x000001f7       0x1a ./Core/Src/system_stm32f1xx.o
 .debug_rnglists
                0x00000211       0x19 ./Core/Startup/startup_stm32f103c8tx.o
 .debug_rnglists
                0x0000022a       0xa3 ./Drivers/STM32F1xx_HAL_Driver/Src/stm32f1xx_hal.o
 .debug_rnglists
                0x000002cd       0xbb ./Drivers/STM32F1xx_HAL_Driver/Src/stm32f1xx_hal_cortex.o
 .debug_rnglists
                0x00000388       0x64 ./Drivers/STM32F1xx_HAL_Driver/Src/stm32f1xx_hal_dma.o
 .debug_rnglists
                0x000003ec       0x3f ./Drivers/STM32F1xx_HAL_Driver/Src/stm32f1xx_hal_gpio.o
 .debug_rnglists
                0x0000042b      0x23c ./Drivers/STM32F1xx_HAL_Driver/Src/stm32f1xx_hal_i2c.o
 .debug_rnglists
                0x00000667       0x6c ./Drivers/STM32F1xx_HAL_Driver/Src/stm32f1xx_hal_rcc.o
 .debug_rnglists
                0x000006d3      0x16e ./Drivers/STM32F1xx_HAL_Driver/Src/stm32f1xx_hal_spi.o
 .debug_rnglists
                0x00000841      0x1bc ./Drivers/STM32F1xx_HAL_Driver/Src/stm32f1xx_hal_uart.o

.debug_macro    0x00000000    0x17399
 .debug_macro   0x00000000      0x1b1 ./Core/Src/CLCD_I2C.o
 .debug_macro   0x000001b1      0xacc ./Core/Src/CLCD_I2C.o
 .debug_macro   0x00000c7d      0x221 ./Core/Src/CLCD_I2C.o
 .debug_macro   0x00000e9e       0x2e ./Core/Src/CLCD_I2C.o
 .debug_macro   0x00000ecc       0x22 ./Core/Src/CLCD_I2C.o
 .debug_macro   0x00000eee       0x22 ./Core/Src/CLCD_I2C.o
 .debug_macro   0x00000f10       0x8e ./Core/Src/CLCD_I2C.o
 .debug_macro   0x00000f9e       0x51 ./Core/Src/CLCD_I2C.o
 .debug_macro   0x00000fef      0x103 ./Core/Src/CLCD_I2C.o
 .debug_macro   0x000010f2       0x6a ./Core/Src/CLCD_I2C.o
 .debug_macro   0x0000115c      0x1df ./Core/Src/CLCD_I2C.o
 .debug_macro   0x0000133b       0x1c ./Core/Src/CLCD_I2C.o
 .debug_macro   0x00001357       0x22 ./Core/Src/CLCD_I2C.o
 .debug_macro   0x00001379       0xbd ./Core/Src/CLCD_I2C.o
 .debug_macro   0x00001436      0xd23 ./Core/Src/CLCD_I2C.o
 .debug_macro   0x00002159     0xe09e ./Core/Src/CLCD_I2C.o
 .debug_macro   0x000101f7       0x6d ./Core/Src/CLCD_I2C.o
 .debug_macro   0x00010264     0x34a2 ./Core/Src/CLCD_I2C.o
 .debug_macro   0x00013706      0x190 ./Core/Src/CLCD_I2C.o
 .debug_macro   0x00013896       0x5c ./Core/Src/CLCD_I2C.o
 .debug_macro   0x000138f2      0x5bc ./Core/Src/CLCD_I2C.o
 .debug_macro   0x00013eae      0x289 ./Core/Src/CLCD_I2C.o
 .debug_macro   0x00014137      0x1cb ./Core/Src/CLCD_I2C.o
 .debug_macro   0x00014302      0x114 ./Core/Src/CLCD_I2C.o
 .debug_macro   0x00014416      0x1b2 ./Core/Src/CLCD_I2C.o
 .debug_macro   0x000145c8       0x27 ./Core/Src/CLCD_I2C.o
 .debug_macro   0x000145ef      0x136 ./Core/Src/CLCD_I2C.o
 .debug_macro   0x00014725      0x1bc ./Core/Src/CLCD_I2C.o
 .debug_macro   0x000148e1       0x34 ./Core/Src/CLCD_I2C.o
 .debug_macro   0x00014915       0x3c ./Core/Src/CLCD_I2C.o
 .debug_macro   0x00014951       0x57 ./Core/Src/CLCD_I2C.o
 .debug_macro   0x000149a8       0x87 ./Core/Src/CLCD_I2C.o
 .debug_macro   0x00014a2f      0x240 ./Core/Src/CLCD_I2C.o
 .debug_macro   0x00014c6f      0x287 ./Core/Src/CLCD_I2C.o
 .debug_macro   0x00014ef6      0x140 ./Core/Src/CLCD_I2C.o
 .debug_macro   0x00015036      0x217 ./Core/Src/CLCD_I2C.o
 .debug_macro   0x0001524d      0x28e ./Core/Src/CLCD_I2C.o
 .debug_macro   0x000154db       0x83 ./Core/Src/CLCD_I2C.o
 .debug_macro   0x0001555e       0xe2 ./Core/Src/CLCD_I2C.o
 .debug_macro   0x00015640      0x1b1 ./Core/Src/RC522.o
 .debug_macro   0x000157f1      0x214 ./Core/Src/RC522.o
 .debug_macro   0x00015a05      0x1ac ./Core/Src/Stepper.o
 .debug_macro   0x00015bb1      0x1da ./Core/Src/main.o
 .debug_macro   0x00015d8b       0xe8 ./Core/Src/main.o
 .debug_macro   0x00015e73      0x21a ./Core/Src/main.o
 .debug_macro   0x0001608d      0x1ac ./Core/Src/stm32f1xx_hal_msp.o
 .debug_macro   0x00016239      0x1b6 ./Core/Src/stm32f1xx_it.o
 .debug_macro   0x000163ef      0x1a2 ./Core/Src/system_stm32f1xx.o
 .debug_macro   0x00016591      0x1c6 ./Drivers/STM32F1xx_HAL_Driver/Src/stm32f1xx_hal.o
 .debug_macro   0x00016757      0x1a2 ./Drivers/STM32F1xx_HAL_Driver/Src/stm32f1xx_hal_cortex.o
 .debug_macro   0x000168f9      0x1a2 ./Drivers/STM32F1xx_HAL_Driver/Src/stm32f1xx_hal_dma.o
 .debug_macro   0x00016a9b      0x20d ./Drivers/STM32F1xx_HAL_Driver/Src/stm32f1xx_hal_gpio.o
 .debug_macro   0x00016ca8      0x1f0 ./Drivers/STM32F1xx_HAL_Driver/Src/stm32f1xx_hal_i2c.o
 .debug_macro   0x00016e98      0x1b4 ./Drivers/STM32F1xx_HAL_Driver/Src/stm32f1xx_hal_rcc.o
 .debug_macro   0x0001704c      0x1aa ./Drivers/STM32F1xx_HAL_Driver/Src/stm32f1xx_hal_spi.o
 .debug_macro   0x000171f6      0x1a3 ./Drivers/STM32F1xx_HAL_Driver/Src/stm32f1xx_hal_uart.o

.debug_line     0x00000000     0xf6b0
 .debug_line    0x00000000      0x8b7 ./Core/Src/CLCD_I2C.o
 .debug_line    0x000008b7      0xc3a ./Core/Src/RC522.o
 .debug_line    0x000014f1      0x7eb ./Core/Src/Stepper.o
 .debug_line    0x00001cdc      0xa29 ./Core/Src/main.o
 .debug_line    0x00002705      0x7f1 ./Core/Src/stm32f1xx_hal_msp.o
 .debug_line    0x00002ef6      0x7c4 ./Core/Src/stm32f1xx_it.o
 .debug_line    0x000036ba      0x77c ./Core/Src/system_stm32f1xx.o
 .debug_line    0x00003e36       0x78 ./Core/Startup/startup_stm32f103c8tx.o
 .debug_line    0x00003eae      0x9ad ./Drivers/STM32F1xx_HAL_Driver/Src/stm32f1xx_hal.o
 .debug_line    0x0000485b      0xb77 ./Drivers/STM32F1xx_HAL_Driver/Src/stm32f1xx_hal_cortex.o
 .debug_line    0x000053d2      0xdb7 ./Drivers/STM32F1xx_HAL_Driver/Src/stm32f1xx_hal_dma.o
 .debug_line    0x00006189      0xa0a ./Drivers/STM32F1xx_HAL_Driver/Src/stm32f1xx_hal_gpio.o
 .debug_line    0x00006b93     0x3baa ./Drivers/STM32F1xx_HAL_Driver/Src/stm32f1xx_hal_i2c.o
 .debug_line    0x0000a73d      0xe66 ./Drivers/STM32F1xx_HAL_Driver/Src/stm32f1xx_hal_rcc.o
 .debug_line    0x0000b5a3     0x1c44 ./Drivers/STM32F1xx_HAL_Driver/Src/stm32f1xx_hal_spi.o
 .debug_line    0x0000d1e7     0x24c9 ./Drivers/STM32F1xx_HAL_Driver/Src/stm32f1xx_hal_uart.o

.debug_str      0x00000000    0x838c7
 .debug_str     0x00000000    0x838c7 ./Core/Src/CLCD_I2C.o
                              0x7ffb8 (size before relaxing)
 .debug_str     0x000838c7        0x0 ./Core/Src/RC522.o
                              0x806be (size before relaxing)
 .debug_str     0x000838c7        0x0 ./Core/Src/Stepper.o
                              0x7f82c (size before relaxing)
 .debug_str     0x000838c7        0x0 ./Core/Src/main.o
                              0x8105c (size before relaxing)
 .debug_str     0x000838c7        0x0 ./Core/Src/stm32f1xx_hal_msp.o
                              0x8031e (size before relaxing)
 .debug_str     0x000838c7        0x0 ./Core/Src/stm32f1xx_it.o
                              0x7fb8b (size before relaxing)
 .debug_str     0x000838c7        0x0 ./Core/Src/system_stm32f1xx.o
                              0x7f766 (size before relaxing)
 .debug_str     0x000838c7        0x0 ./Core/Startup/startup_stm32f103c8tx.o
                                 0x63 (size before relaxing)
 .debug_str     0x000838c7        0x0 ./Drivers/STM32F1xx_HAL_Driver/Src/stm32f1xx_hal.o
                              0x7fe99 (size before relaxing)
 .debug_str     0x000838c7        0x0 ./Drivers/STM32F1xx_HAL_Driver/Src/stm32f1xx_hal_cortex.o
                              0x7fde5 (size before relaxing)
 .debug_str     0x000838c7        0x0 ./Drivers/STM32F1xx_HAL_Driver/Src/stm32f1xx_hal_dma.o
                              0x7fb0f (size before relaxing)
 .debug_str     0x000838c7        0x0 ./Drivers/STM32F1xx_HAL_Driver/Src/stm32f1xx_hal_gpio.o
                              0x7faec (size before relaxing)
 .debug_str     0x000838c7        0x0 ./Drivers/STM32F1xx_HAL_Driver/Src/stm32f1xx_hal_i2c.o
                              0x8082d (size before relaxing)
 .debug_str     0x000838c7        0x0 ./Drivers/STM32F1xx_HAL_Driver/Src/stm32f1xx_hal_rcc.o
                              0x7fb95 (size before relaxing)
 .debug_str     0x000838c7        0x0 ./Drivers/STM32F1xx_HAL_Driver/Src/stm32f1xx_hal_spi.o
                              0x8008c (size before relaxing)
 .debug_str     0x000838c7        0x0 ./Drivers/STM32F1xx_HAL_Driver/Src/stm32f1xx_hal_uart.o
                              0x80206 (size before relaxing)

.comment        0x00000000       0x43
 .comment       0x00000000       0x43 ./Core/Src/CLCD_I2C.o
                                 0x44 (size before relaxing)
 .comment       0x00000043        0x0 ./Core/Src/RC522.o
                                 0x44 (size before relaxing)
 .comment       0x00000043        0x0 ./Core/Src/Stepper.o
                                 0x44 (size before relaxing)
 .comment       0x00000043        0x0 ./Core/Src/main.o
                                 0x44 (size before relaxing)
 .comment       0x00000043        0x0 ./Core/Src/stm32f1xx_hal_msp.o
                                 0x44 (size before relaxing)
 .comment       0x00000043        0x0 ./Core/Src/stm32f1xx_it.o
                                 0x44 (size before relaxing)
 .comment       0x00000043        0x0 ./Core/Src/system_stm32f1xx.o
                                 0x44 (size before relaxing)
 .comment       0x00000043        0x0 ./Drivers/STM32F1xx_HAL_Driver/Src/stm32f1xx_hal.o
                                 0x44 (size before relaxing)
 .comment       0x00000043        0x0 ./Drivers/STM32F1xx_HAL_Driver/Src/stm32f1xx_hal_cortex.o
                                 0x44 (size before relaxing)
 .comment       0x00000043        0x0 ./Drivers/STM32F1xx_HAL_Driver/Src/stm32f1xx_hal_dma.o
                                 0x44 (size before relaxing)
 .comment       0x00000043        0x0 ./Drivers/STM32F1xx_HAL_Driver/Src/stm32f1xx_hal_gpio.o
                                 0x44 (size before relaxing)
 .comment       0x00000043        0x0 ./Drivers/STM32F1xx_HAL_Driver/Src/stm32f1xx_hal_i2c.o
                                 0x44 (size before relaxing)
 .comment       0x00000043        0x0 ./Drivers/STM32F1xx_HAL_Driver/Src/stm32f1xx_hal_rcc.o
                                 0x44 (size before relaxing)
 .comment       0x00000043        0x0 ./Drivers/STM32F1xx_HAL_Driver/Src/stm32f1xx_hal_spi.o
                                 0x44 (size before relaxing)
 .comment       0x00000043        0x0 ./Drivers/STM32F1xx_HAL_Driver/Src/stm32f1xx_hal_uart.o
                                 0x44 (size before relaxing)

.debug_frame    0x00000000     0x3588
 .debug_frame   0x00000000      0x1c4 ./Core/Src/CLCD_I2C.o
 .debug_frame   0x000001c4      0x318 ./Core/Src/RC522.o
 .debug_frame   0x000004dc       0xec ./Core/Src/Stepper.o
 .debug_frame   0x000005c8      0x190 ./Core/Src/main.o
 .debug_frame   0x00000758      0x110 ./Core/Src/stm32f1xx_hal_msp.o
 .debug_frame   0x00000868      0x120 ./Core/Src/stm32f1xx_it.o
 .debug_frame   0x00000988       0x58 ./Core/Src/system_stm32f1xx.o
 .debug_frame   0x000009e0      0x334 ./Drivers/STM32F1xx_HAL_Driver/Src/stm32f1xx_hal.o
 .debug_frame   0x00000d14      0x428 ./Drivers/STM32F1xx_HAL_Driver/Src/stm32f1xx_hal_cortex.o
 .debug_frame   0x0000113c      0x208 ./Drivers/STM32F1xx_HAL_Driver/Src/stm32f1xx_hal_dma.o
 .debug_frame   0x00001344      0x14c ./Drivers/STM32F1xx_HAL_Driver/Src/stm32f1xx_hal_gpio.o
 .debug_frame   0x00001490      0xc84 ./Drivers/STM32F1xx_HAL_Driver/Src/stm32f1xx_hal_i2c.o
 .debug_frame   0x00002114      0x218 ./Drivers/STM32F1xx_HAL_Driver/Src/stm32f1xx_hal_rcc.o
 .debug_frame   0x0000232c      0x824 ./Drivers/STM32F1xx_HAL_Driver/Src/stm32f1xx_hal_spi.o
 .debug_frame   0x00002b50      0x944 ./Drivers/STM32F1xx_HAL_Driver/Src/stm32f1xx_hal_uart.o
 .debug_frame   0x00003494       0x20 C:/ST/STM32CubeIDE_2.0.0/STM32CubeIDE/plugins/com.st.stm32cube.ide.mcu.externaltools.gnu-tools-for-stm32.13.3.rel1.win32_1.0.100.202509120712/tools/bin/../lib/gcc/arm-none-eabi/13.3.1/../../../../arm-none-eabi/lib/thumb/v7-m/nofp\libc_nano.a(libc_a-memset.o)
 .debug_frame   0x000034b4       0x2c C:/ST/STM32CubeIDE_2.0.0/STM32CubeIDE/plugins/com.st.stm32cube.ide.mcu.externaltools.gnu-tools-for-stm32.13.3.rel1.win32_1.0.100.202509120712/tools/bin/../lib/gcc/arm-none-eabi/13.3.1/../../../../arm-none-eabi/lib/thumb/v7-m/nofp\libc_nano.a(libc_a-init.o)
 .debug_frame   0x000034e0       0x4c C:/ST/STM32CubeIDE_2.0.0/STM32CubeIDE/plugins/com.st.stm32cube.ide.mcu.externaltools.gnu-tools-for-stm32.13.3.rel1.win32_1.0.100.202509120712/tools/bin/../lib/gcc/arm-none-eabi/13.3.1/thumb/v7-m/nofp\libgcc.a(_arm_addsubsf3.o)
 .debug_frame   0x0000352c       0x38 C:/ST/STM32CubeIDE_2.0.0/STM32CubeIDE/plugins/com.st.stm32cube.ide.mcu.externaltools.gnu-tools-for-stm32.13.3.rel1.win32_1.0.100.202509120712/tools/bin/../lib/gcc/arm-none-eabi/13.3.1/thumb/v7-m/nofp\libgcc.a(_arm_muldivsf3.o)
 .debug_frame   0x00003564       0x24 C:/ST/STM32CubeIDE_2.0.0/STM32CubeIDE/plugins/com.st.stm32cube.ide.mcu.externaltools.gnu-tools-for-stm32.13.3.rel1.win32_1.0.100.202509120712/tools/bin/../lib/gcc/arm-none-eabi/13.3.1/thumb/v7-m/nofp\libgcc.a(_arm_fixsfsi.o)

.debug_line_str
                0x00000000       0x47
 .debug_line_str
                0x00000000       0x47 ./Core/Startup/startup_stm32f103c8tx.o
